[debug] [2024-07-12T21:47:43.451Z] ----------------------------------------------------------------------
[debug] [2024-07-12T21:47:43.453Z] Command:       C:\Program Files\nodejs\node.exe C:\Users\alber\AppData\Roaming\npm\node_modules\firebase-tools\lib\bin\firebase.js init functions
[debug] [2024-07-12T21:47:43.453Z] CLI Version:   13.13.0
[debug] [2024-07-12T21:47:43.453Z] Platform:      win32
[debug] [2024-07-12T21:47:43.453Z] Node Version:  v20.12.0
[debug] [2024-07-12T21:47:43.453Z] Time:          Fri Jul 12 2024 17:47:43 GMT-0400 (Eastern Daylight Time)
[debug] [2024-07-12T21:47:43.453Z] ----------------------------------------------------------------------
[debug] 
[debug] [2024-07-12T21:47:43.456Z] >>> [apiv2][query] GET https://firebase-public.firebaseio.com/cli.json [none]
[debug] [2024-07-12T21:47:43.488Z] > command requires scopes: ["email","openid","https://www.googleapis.com/auth/cloudplatformprojects.readonly","https://www.googleapis.com/auth/firebase","https://www.googleapis.com/auth/cloud-platform"]
[debug] [2024-07-12T21:47:43.489Z] > authorizing via signed-in user (albert_h_le@hotmail.com)
[info] 
     ######## #### ########  ######## ########     ###     ######  ########
     ##        ##  ##     ## ##       ##     ##  ##   ##  ##       ##
     ######    ##  ########  ######   ########  #########  ######  ######
     ##        ##  ##    ##  ##       ##     ## ##     ##       ## ##
     ##       #### ##     ## ######## ########  ##     ##  ######  ########

You're about to initialize a Firebase project in this directory:

  C:\Users\alber\noichu

[debug] [2024-07-12T21:47:43.629Z] <<< [apiv2][status] GET https://firebase-public.firebaseio.com/cli.json 200
[debug] [2024-07-12T21:47:43.630Z] <<< [apiv2][body] GET https://firebase-public.firebaseio.com/cli.json {"cloudBuildErrorAfter":1594252800000,"cloudBuildWarnAfter":1590019200000,"defaultNode10After":1594252800000,"minVersion":"3.0.5","node8DeploysDisabledAfter":1613390400000,"node8RuntimeDisabledAfter":1615809600000,"node8WarnAfter":1600128000000}
